// Jest Snapshot v1, https://goo.gl/fbAQLP

exports[`home page matches snapshot 1`] = `
<DocumentFragment>
  <div
    class="container"
  >
    <div
      id="main"
    >
      <h1>
        Welcome to 
        <a
          href="https://nextjs.org"
        >
          Overnext!
        </a>
      </h1>
      <p
        class="description"
      >
        An overly opinionated starter for 
        <code>
          next.js
        </code>
      </p>
      <div
        class="py-20"
      >
        <h2
          class="text-3xl text-center text-gray-700 dark:text-gray-100"
        >
          A short story
        </h2>
        <iframe
          allow="accelerometer; autoplay; clipboard-write; encrypted-media; gyroscope; picture-in-picture"
          allowfullscreen=""
          height="315"
          loading="lazy"
          src="https://www.youtube-nocookie.com/embed/h6fcK_fRYaI"
          title="YouTube video player"
          width="560"
        />
      </div>
      <button
        data-cy="test-button"
        type="button"
      >
        Test Button
      </button>
      <h2>
        Some further info
      </h2>
      <div
        class="grid"
      >
        <a
          class="card"
          href="https://nextjs.org/docs"
        >
          <h3>
            Documentation →
          </h3>
          <p>
            Find in-depth information about Next.js features and API.
          </p>
        </a>
        <a
          class="card"
          href="https://nextjs.org/docs/getting-started"
        >
          <h3>
            Learn →
          </h3>
          <p>
            Learn about Next.js in an interactive course with quizzes!
          </p>
        </a>
        <a
          class="card"
          data-cy="fr-legal"
          href="/legal"
        >
          <h3>
            Legal →
          </h3>
          <p>
            Discover and enjoy the depths of legal issues.
          </p>
        </a>
        <a
          class="card"
          href="https://vercel.com/import?filter=next.js"
        >
          <h3>
            Deploy →
          </h3>
          <p>
            Instantly deploy your Next.js site to a public URL with Vercel.
          </p>
        </a>
      </div>
    </div>
    <style>
      
      button {
        background: #0072ed;
      }
    
    </style>
    <style>
      
      html,
      body {
        color: #000;
        background: #fff;
      }

      [data-theme='dark'],
      [data-theme='dark'] body {
        color: #fff;
        background: #000;
      }

      a {
        color: #0072ed;
      }

      iframe {
        border: 0;
      }
    
    </style>
  </div>
</DocumentFragment>
`;
